title
(0 + 2 + 4 + 6 + 8) => 20
(0 + 2 + 4 + 6 + 9) => 21
(0 + 2 + 4 + 7 + 8) => 21
(0 + 2 + 4 + 7 + 9) => 22
(0 + 2 + 5 + 6 + 8) => 21
(0 + 2 + 5 + 6 + 9) => 22
(0 + 2 + 5 + 7 + 8) => 22
(0 + 2 + 5 + 7 + 9) => 23
(0 + 3 + 4 + 6 + 8) => 21
(0 + 3 + 4 + 6 + 9) => 22
(0 + 3 + 4 + 7 + 8) => 22
(0 + 3 + 4 + 7 + 9) => 23
(0 + 3 + 5 + 6 + 8) => 22
(0 + 3 + 5 + 6 + 9) => 23
(0 + 3 + 5 + 7 + 8) => 23
(0 + 3 + 5 + 7 + 9) => 24
(1 + 2 + 4 + 6 + 8) => 21
(1 + 2 + 4 + 6 + 9) => 22
(1 + 2 + 4 + 7 + 8) => 22
(1 + 2 + 4 + 7 + 9) => 23
(1 + 2 + 5 + 6 + 8) => 22
(1 + 2 + 5 + 6 + 9) => 23
(1 + 2 + 5 + 7 + 8) => 23
(1 + 2 + 5 + 7 + 9) => 24
(1 + 3 + 4 + 6 + 8) => 22
(1 + 3 + 4 + 6 + 9) => 23
(1 + 3 + 4 + 7 + 8) => 23
(1 + 3 + 4 + 7 + 9) => 24
(1 + 3 + 5 + 6 + 8) => 23
(1 + 3 + 5 + 6 + 9) => 24
(1 + 3 + 5 + 7 + 8) => 24
(1 + 3 + 5 + 7 + 9) => 25
