title
(0 + 2 + 4 + 6) => 12
(0 + 2 + 4 + 7) => 13
(0 + 2 + 5 + 6) => 13
(0 + 2 + 5 + 7) => 14
(0 + 3 + 4 + 6) => 13
(0 + 3 + 4 + 7) => 14
(0 + 3 + 5 + 6) => 14
(0 + 3 + 5 + 7) => 15
(1 + 2 + 4 + 6) => 13
(1 + 2 + 4 + 7) => 14
(1 + 2 + 5 + 6) => 14
(1 + 2 + 5 + 7) => 15
(1 + 3 + 4 + 6) => 14
(1 + 3 + 4 + 7) => 15
(1 + 3 + 5 + 6) => 15
(1 + 3 + 5 + 7) => 16
