title
(0 + 2 + 4 + 6 + 8 + 10) => 30
(0 + 2 + 4 + 6 + 8 + 11) => 31
(0 + 2 + 4 + 6 + 9 + 10) => 31
(0 + 2 + 4 + 6 + 9 + 11) => 32
(0 + 2 + 4 + 7 + 8 + 10) => 31
(0 + 2 + 4 + 7 + 8 + 11) => 32
(0 + 2 + 4 + 7 + 9 + 10) => 32
(0 + 2 + 4 + 7 + 9 + 11) => 33
(0 + 2 + 5 + 6 + 8 + 10) => 31
(0 + 2 + 5 + 6 + 8 + 11) => 32
(0 + 2 + 5 + 6 + 9 + 10) => 32
(0 + 2 + 5 + 6 + 9 + 11) => 33
(0 + 2 + 5 + 7 + 8 + 10) => 32
(0 + 2 + 5 + 7 + 8 + 11) => 33
(0 + 2 + 5 + 7 + 9 + 10) => 33
(0 + 2 + 5 + 7 + 9 + 11) => 34
(0 + 3 + 4 + 6 + 8 + 10) => 31
(0 + 3 + 4 + 6 + 8 + 11) => 32
(0 + 3 + 4 + 6 + 9 + 10) => 32
(0 + 3 + 4 + 6 + 9 + 11) => 33
(0 + 3 + 4 + 7 + 8 + 10) => 32
(0 + 3 + 4 + 7 + 8 + 11) => 33
(0 + 3 + 4 + 7 + 9 + 10) => 33
(0 + 3 + 4 + 7 + 9 + 11) => 34
(0 + 3 + 5 + 6 + 8 + 10) => 32
(0 + 3 + 5 + 6 + 8 + 11) => 33
(0 + 3 + 5 + 6 + 9 + 10) => 33
(0 + 3 + 5 + 6 + 9 + 11) => 34
(0 + 3 + 5 + 7 + 8 + 10) => 33
(0 + 3 + 5 + 7 + 8 + 11) => 34
(0 + 3 + 5 + 7 + 9 + 10) => 34
(0 + 3 + 5 + 7 + 9 + 11) => 35
(1 + 2 + 4 + 6 + 8 + 10) => 31
(1 + 2 + 4 + 6 + 8 + 11) => 32
(1 + 2 + 4 + 6 + 9 + 10) => 32
(1 + 2 + 4 + 6 + 9 + 11) => 33
(1 + 2 + 4 + 7 + 8 + 10) => 32
(1 + 2 + 4 + 7 + 8 + 11) => 33
(1 + 2 + 4 + 7 + 9 + 10) => 33
(1 + 2 + 4 + 7 + 9 + 11) => 34
(1 + 2 + 5 + 6 + 8 + 10) => 32
(1 + 2 + 5 + 6 + 8 + 11) => 33
(1 + 2 + 5 + 6 + 9 + 10) => 33
(1 + 2 + 5 + 6 + 9 + 11) => 34
(1 + 2 + 5 + 7 + 8 + 10) => 33
(1 + 2 + 5 + 7 + 8 + 11) => 34
(1 + 2 + 5 + 7 + 9 + 10) => 34
(1 + 2 + 5 + 7 + 9 + 11) => 35
(1 + 3 + 4 + 6 + 8 + 10) => 32
(1 + 3 + 4 + 6 + 8 + 11) => 33
(1 + 3 + 4 + 6 + 9 + 10) => 33
(1 + 3 + 4 + 6 + 9 + 11) => 34
(1 + 3 + 4 + 7 + 8 + 10) => 33
(1 + 3 + 4 + 7 + 8 + 11) => 34
(1 + 3 + 4 + 7 + 9 + 10) => 34
(1 + 3 + 4 + 7 + 9 + 11) => 35
(1 + 3 + 5 + 6 + 8 + 10) => 33
(1 + 3 + 5 + 6 + 8 + 11) => 34
(1 + 3 + 5 + 6 + 9 + 10) => 34
(1 + 3 + 5 + 6 + 9 + 11) => 35
(1 + 3 + 5 + 7 + 8 + 10) => 34
(1 + 3 + 5 + 7 + 8 + 11) => 35
(1 + 3 + 5 + 7 + 9 + 10) => 35
(1 + 3 + 5 + 7 + 9 + 11) => 36
