title
(0 + 2 + 4) => 6
(0 + 2 + 5) => 7
(0 + 3 + 4) => 7
(0 + 3 + 5) => 8
(1 + 2 + 4) => 7
(1 + 2 + 5) => 8
(1 + 3 + 4) => 8
(1 + 3 + 5) => 9
