title
(0 + 2 + 4 + 6 + 8 + 10 + 12) => 42
(0 + 2 + 4 + 6 + 8 + 10 + 13) => 43
(0 + 2 + 4 + 6 + 8 + 11 + 12) => 43
(0 + 2 + 4 + 6 + 8 + 11 + 13) => 44
(0 + 2 + 4 + 6 + 9 + 10 + 12) => 43
(0 + 2 + 4 + 6 + 9 + 10 + 13) => 44
(0 + 2 + 4 + 6 + 9 + 11 + 12) => 44
(0 + 2 + 4 + 6 + 9 + 11 + 13) => 45
(0 + 2 + 4 + 7 + 8 + 10 + 12) => 43
(0 + 2 + 4 + 7 + 8 + 10 + 13) => 44
(0 + 2 + 4 + 7 + 8 + 11 + 12) => 44
(0 + 2 + 4 + 7 + 8 + 11 + 13) => 45
(0 + 2 + 4 + 7 + 9 + 10 + 12) => 44
(0 + 2 + 4 + 7 + 9 + 10 + 13) => 45
(0 + 2 + 4 + 7 + 9 + 11 + 12) => 45
(0 + 2 + 4 + 7 + 9 + 11 + 13) => 46
(0 + 2 + 5 + 6 + 8 + 10 + 12) => 43
(0 + 2 + 5 + 6 + 8 + 10 + 13) => 44
(0 + 2 + 5 + 6 + 8 + 11 + 12) => 44
(0 + 2 + 5 + 6 + 8 + 11 + 13) => 45
(0 + 2 + 5 + 6 + 9 + 10 + 12) => 44
(0 + 2 + 5 + 6 + 9 + 10 + 13) => 45
(0 + 2 + 5 + 6 + 9 + 11 + 12) => 45
(0 + 2 + 5 + 6 + 9 + 11 + 13) => 46
(0 + 2 + 5 + 7 + 8 + 10 + 12) => 44
(0 + 2 + 5 + 7 + 8 + 10 + 13) => 45
(0 + 2 + 5 + 7 + 8 + 11 + 12) => 45
(0 + 2 + 5 + 7 + 8 + 11 + 13) => 46
(0 + 2 + 5 + 7 + 9 + 10 + 12) => 45
(0 + 2 + 5 + 7 + 9 + 10 + 13) => 46
(0 + 2 + 5 + 7 + 9 + 11 + 12) => 46
(0 + 2 + 5 + 7 + 9 + 11 + 13) => 47
(0 + 3 + 4 + 6 + 8 + 10 + 12) => 43
(0 + 3 + 4 + 6 + 8 + 10 + 13) => 44
(0 + 3 + 4 + 6 + 8 + 11 + 12) => 44
(0 + 3 + 4 + 6 + 8 + 11 + 13) => 45
(0 + 3 + 4 + 6 + 9 + 10 + 12) => 44
(0 + 3 + 4 + 6 + 9 + 10 + 13) => 45
(0 + 3 + 4 + 6 + 9 + 11 + 12) => 45
(0 + 3 + 4 + 6 + 9 + 11 + 13) => 46
(0 + 3 + 4 + 7 + 8 + 10 + 12) => 44
(0 + 3 + 4 + 7 + 8 + 10 + 13) => 45
(0 + 3 + 4 + 7 + 8 + 11 + 12) => 45
(0 + 3 + 4 + 7 + 8 + 11 + 13) => 46
(0 + 3 + 4 + 7 + 9 + 10 + 12) => 45
(0 + 3 + 4 + 7 + 9 + 10 + 13) => 46
(0 + 3 + 4 + 7 + 9 + 11 + 12) => 46
(0 + 3 + 4 + 7 + 9 + 11 + 13) => 47
(0 + 3 + 5 + 6 + 8 + 10 + 12) => 44
(0 + 3 + 5 + 6 + 8 + 10 + 13) => 45
(0 + 3 + 5 + 6 + 8 + 11 + 12) => 45
(0 + 3 + 5 + 6 + 8 + 11 + 13) => 46
(0 + 3 + 5 + 6 + 9 + 10 + 12) => 45
(0 + 3 + 5 + 6 + 9 + 10 + 13) => 46
(0 + 3 + 5 + 6 + 9 + 11 + 12) => 46
(0 + 3 + 5 + 6 + 9 + 11 + 13) => 47
(0 + 3 + 5 + 7 + 8 + 10 + 12) => 45
(0 + 3 + 5 + 7 + 8 + 10 + 13) => 46
(0 + 3 + 5 + 7 + 8 + 11 + 12) => 46
(0 + 3 + 5 + 7 + 8 + 11 + 13) => 47
(0 + 3 + 5 + 7 + 9 + 10 + 12) => 46
(0 + 3 + 5 + 7 + 9 + 10 + 13) => 47
(0 + 3 + 5 + 7 + 9 + 11 + 12) => 47
(0 + 3 + 5 + 7 + 9 + 11 + 13) => 48
(1 + 2 + 4 + 6 + 8 + 10 + 12) => 43
(1 + 2 + 4 + 6 + 8 + 10 + 13) => 44
(1 + 2 + 4 + 6 + 8 + 11 + 12) => 44
(1 + 2 + 4 + 6 + 8 + 11 + 13) => 45
(1 + 2 + 4 + 6 + 9 + 10 + 12) => 44
(1 + 2 + 4 + 6 + 9 + 10 + 13) => 45
(1 + 2 + 4 + 6 + 9 + 11 + 12) => 45
(1 + 2 + 4 + 6 + 9 + 11 + 13) => 46
(1 + 2 + 4 + 7 + 8 + 10 + 12) => 44
(1 + 2 + 4 + 7 + 8 + 10 + 13) => 45
(1 + 2 + 4 + 7 + 8 + 11 + 12) => 45
(1 + 2 + 4 + 7 + 8 + 11 + 13) => 46
(1 + 2 + 4 + 7 + 9 + 10 + 12) => 45
(1 + 2 + 4 + 7 + 9 + 10 + 13) => 46
(1 + 2 + 4 + 7 + 9 + 11 + 12) => 46
(1 + 2 + 4 + 7 + 9 + 11 + 13) => 47
(1 + 2 + 5 + 6 + 8 + 10 + 12) => 44
(1 + 2 + 5 + 6 + 8 + 10 + 13) => 45
(1 + 2 + 5 + 6 + 8 + 11 + 12) => 45
(1 + 2 + 5 + 6 + 8 + 11 + 13) => 46
(1 + 2 + 5 + 6 + 9 + 10 + 12) => 45
(1 + 2 + 5 + 6 + 9 + 10 + 13) => 46
(1 + 2 + 5 + 6 + 9 + 11 + 12) => 46
(1 + 2 + 5 + 6 + 9 + 11 + 13) => 47
(1 + 2 + 5 + 7 + 8 + 10 + 12) => 45
(1 + 2 + 5 + 7 + 8 + 10 + 13) => 46
(1 + 2 + 5 + 7 + 8 + 11 + 12) => 46
(1 + 2 + 5 + 7 + 8 + 11 + 13) => 47
(1 + 2 + 5 + 7 + 9 + 10 + 12) => 46
(1 + 2 + 5 + 7 + 9 + 10 + 13) => 47
(1 + 2 + 5 + 7 + 9 + 11 + 12) => 47
(1 + 2 + 5 + 7 + 9 + 11 + 13) => 48
(1 + 3 + 4 + 6 + 8 + 10 + 12) => 44
(1 + 3 + 4 + 6 + 8 + 10 + 13) => 45
(1 + 3 + 4 + 6 + 8 + 11 + 12) => 45
(1 + 3 + 4 + 6 + 8 + 11 + 13) => 46
(1 + 3 + 4 + 6 + 9 + 10 + 12) => 45
(1 + 3 + 4 + 6 + 9 + 10 + 13) => 46
(1 + 3 + 4 + 6 + 9 + 11 + 12) => 46
(1 + 3 + 4 + 6 + 9 + 11 + 13) => 47
(1 + 3 + 4 + 7 + 8 + 10 + 12) => 45
(1 + 3 + 4 + 7 + 8 + 10 + 13) => 46
(1 + 3 + 4 + 7 + 8 + 11 + 12) => 46
(1 + 3 + 4 + 7 + 8 + 11 + 13) => 47
(1 + 3 + 4 + 7 + 9 + 10 + 12) => 46
(1 + 3 + 4 + 7 + 9 + 10 + 13) => 47
(1 + 3 + 4 + 7 + 9 + 11 + 12) => 47
(1 + 3 + 4 + 7 + 9 + 11 + 13) => 48
(1 + 3 + 5 + 6 + 8 + 10 + 12) => 45
(1 + 3 + 5 + 6 + 8 + 10 + 13) => 46
(1 + 3 + 5 + 6 + 8 + 11 + 12) => 46
(1 + 3 + 5 + 6 + 8 + 11 + 13) => 47
(1 + 3 + 5 + 6 + 9 + 10 + 12) => 46
(1 + 3 + 5 + 6 + 9 + 10 + 13) => 47
(1 + 3 + 5 + 6 + 9 + 11 + 12) => 47
(1 + 3 + 5 + 6 + 9 + 11 + 13) => 48
(1 + 3 + 5 + 7 + 8 + 10 + 12) => 46
(1 + 3 + 5 + 7 + 8 + 10 + 13) => 47
(1 + 3 + 5 + 7 + 8 + 11 + 12) => 47
(1 + 3 + 5 + 7 + 8 + 11 + 13) => 48
(1 + 3 + 5 + 7 + 9 + 10 + 12) => 47
(1 + 3 + 5 + 7 + 9 + 10 + 13) => 48
(1 + 3 + 5 + 7 + 9 + 11 + 12) => 48
(1 + 3 + 5 + 7 + 9 + 11 + 13) => 49
