title
(0 + 2 + 4 + 6 + 8 + 10 + 12 + 14 + 16) => 72
(0 + 2 + 4 + 6 + 8 + 10 + 12 + 14 + 17) => 73
(0 + 2 + 4 + 6 + 8 + 10 + 12 + 15 + 16) => 73
(0 + 2 + 4 + 6 + 8 + 10 + 12 + 15 + 17) => 74
(0 + 2 + 4 + 6 + 8 + 10 + 13 + 14 + 16) => 73
(0 + 2 + 4 + 6 + 8 + 10 + 13 + 14 + 17) => 74
(0 + 2 + 4 + 6 + 8 + 10 + 13 + 15 + 16) => 74
(0 + 2 + 4 + 6 + 8 + 10 + 13 + 15 + 17) => 75
(0 + 2 + 4 + 6 + 8 + 11 + 12 + 14 + 16) => 73
(0 + 2 + 4 + 6 + 8 + 11 + 12 + 14 + 17) => 74
(0 + 2 + 4 + 6 + 8 + 11 + 12 + 15 + 16) => 74
(0 + 2 + 4 + 6 + 8 + 11 + 12 + 15 + 17) => 75
(0 + 2 + 4 + 6 + 8 + 11 + 13 + 14 + 16) => 74
(0 + 2 + 4 + 6 + 8 + 11 + 13 + 14 + 17) => 75
(0 + 2 + 4 + 6 + 8 + 11 + 13 + 15 + 16) => 75
(0 + 2 + 4 + 6 + 8 + 11 + 13 + 15 + 17) => 76
(0 + 2 + 4 + 6 + 9 + 10 + 12 + 14 + 16) => 73
(0 + 2 + 4 + 6 + 9 + 10 + 12 + 14 + 17) => 74
(0 + 2 + 4 + 6 + 9 + 10 + 12 + 15 + 16) => 74
(0 + 2 + 4 + 6 + 9 + 10 + 12 + 15 + 17) => 75
(0 + 2 + 4 + 6 + 9 + 10 + 13 + 14 + 16) => 74
(0 + 2 + 4 + 6 + 9 + 10 + 13 + 14 + 17) => 75
(0 + 2 + 4 + 6 + 9 + 10 + 13 + 15 + 16) => 75
(0 + 2 + 4 + 6 + 9 + 10 + 13 + 15 + 17) => 76
(0 + 2 + 4 + 6 + 9 + 11 + 12 + 14 + 16) => 74
(0 + 2 + 4 + 6 + 9 + 11 + 12 + 14 + 17) => 75
(0 + 2 + 4 + 6 + 9 + 11 + 12 + 15 + 16) => 75
(0 + 2 + 4 + 6 + 9 + 11 + 12 + 15 + 17) => 76
(0 + 2 + 4 + 6 + 9 + 11 + 13 + 14 + 16) => 75
(0 + 2 + 4 + 6 + 9 + 11 + 13 + 14 + 17) => 76
(0 + 2 + 4 + 6 + 9 + 11 + 13 + 15 + 16) => 76
(0 + 2 + 4 + 6 + 9 + 11 + 13 + 15 + 17) => 77
(0 + 2 + 4 + 7 + 8 + 10 + 12 + 14 + 16) => 73
(0 + 2 + 4 + 7 + 8 + 10 + 12 + 14 + 17) => 74
(0 + 2 + 4 + 7 + 8 + 10 + 12 + 15 + 16) => 74
(0 + 2 + 4 + 7 + 8 + 10 + 12 + 15 + 17) => 75
(0 + 2 + 4 + 7 + 8 + 10 + 13 + 14 + 16) => 74
(0 + 2 + 4 + 7 + 8 + 10 + 13 + 14 + 17) => 75
(0 + 2 + 4 + 7 + 8 + 10 + 13 + 15 + 16) => 75
(0 + 2 + 4 + 7 + 8 + 10 + 13 + 15 + 17) => 76
(0 + 2 + 4 + 7 + 8 + 11 + 12 + 14 + 16) => 74
(0 + 2 + 4 + 7 + 8 + 11 + 12 + 14 + 17) => 75
(0 + 2 + 4 + 7 + 8 + 11 + 12 + 15 + 16) => 75
(0 + 2 + 4 + 7 + 8 + 11 + 12 + 15 + 17) => 76
(0 + 2 + 4 + 7 + 8 + 11 + 13 + 14 + 16) => 75
(0 + 2 + 4 + 7 + 8 + 11 + 13 + 14 + 17) => 76
(0 + 2 + 4 + 7 + 8 + 11 + 13 + 15 + 16) => 76
(0 + 2 + 4 + 7 + 8 + 11 + 13 + 15 + 17) => 77
(0 + 2 + 4 + 7 + 9 + 10 + 12 + 14 + 16) => 74
(0 + 2 + 4 + 7 + 9 + 10 + 12 + 14 + 17) => 75
(0 + 2 + 4 + 7 + 9 + 10 + 12 + 15 + 16) => 75
(0 + 2 + 4 + 7 + 9 + 10 + 12 + 15 + 17) => 76
(0 + 2 + 4 + 7 + 9 + 10 + 13 + 14 + 16) => 75
(0 + 2 + 4 + 7 + 9 + 10 + 13 + 14 + 17) => 76
(0 + 2 + 4 + 7 + 9 + 10 + 13 + 15 + 16) => 76
(0 + 2 + 4 + 7 + 9 + 10 + 13 + 15 + 17) => 77
(0 + 2 + 4 + 7 + 9 + 11 + 12 + 14 + 16) => 75
(0 + 2 + 4 + 7 + 9 + 11 + 12 + 14 + 17) => 76
(0 + 2 + 4 + 7 + 9 + 11 + 12 + 15 + 16) => 76
(0 + 2 + 4 + 7 + 9 + 11 + 12 + 15 + 17) => 77
(0 + 2 + 4 + 7 + 9 + 11 + 13 + 14 + 16) => 76
(0 + 2 + 4 + 7 + 9 + 11 + 13 + 14 + 17) => 77
(0 + 2 + 4 + 7 + 9 + 11 + 13 + 15 + 16) => 77
(0 + 2 + 4 + 7 + 9 + 11 + 13 + 15 + 17) => 78
(0 + 2 + 5 + 6 + 8 + 10 + 12 + 14 + 16) => 73
(0 + 2 + 5 + 6 + 8 + 10 + 12 + 14 + 17) => 74
(0 + 2 + 5 + 6 + 8 + 10 + 12 + 15 + 16) => 74
(0 + 2 + 5 + 6 + 8 + 10 + 12 + 15 + 17) => 75
(0 + 2 + 5 + 6 + 8 + 10 + 13 + 14 + 16) => 74
(0 + 2 + 5 + 6 + 8 + 10 + 13 + 14 + 17) => 75
(0 + 2 + 5 + 6 + 8 + 10 + 13 + 15 + 16) => 75
(0 + 2 + 5 + 6 + 8 + 10 + 13 + 15 + 17) => 76
(0 + 2 + 5 + 6 + 8 + 11 + 12 + 14 + 16) => 74
(0 + 2 + 5 + 6 + 8 + 11 + 12 + 14 + 17) => 75
(0 + 2 + 5 + 6 + 8 + 11 + 12 + 15 + 16) => 75
(0 + 2 + 5 + 6 + 8 + 11 + 12 + 15 + 17) => 76
(0 + 2 + 5 + 6 + 8 + 11 + 13 + 14 + 16) => 75
(0 + 2 + 5 + 6 + 8 + 11 + 13 + 14 + 17) => 76
(0 + 2 + 5 + 6 + 8 + 11 + 13 + 15 + 16) => 76
(0 + 2 + 5 + 6 + 8 + 11 + 13 + 15 + 17) => 77
(0 + 2 + 5 + 6 + 9 + 10 + 12 + 14 + 16) => 74
(0 + 2 + 5 + 6 + 9 + 10 + 12 + 14 + 17) => 75
(0 + 2 + 5 + 6 + 9 + 10 + 12 + 15 + 16) => 75
(0 + 2 + 5 + 6 + 9 + 10 + 12 + 15 + 17) => 76
(0 + 2 + 5 + 6 + 9 + 10 + 13 + 14 + 16) => 75
(0 + 2 + 5 + 6 + 9 + 10 + 13 + 14 + 17) => 76
(0 + 2 + 5 + 6 + 9 + 10 + 13 + 15 + 16) => 76
(0 + 2 + 5 + 6 + 9 + 10 + 13 + 15 + 17) => 77
(0 + 2 + 5 + 6 + 9 + 11 + 12 + 14 + 16) => 75
(0 + 2 + 5 + 6 + 9 + 11 + 12 + 14 + 17) => 76
(0 + 2 + 5 + 6 + 9 + 11 + 12 + 15 + 16) => 76
(0 + 2 + 5 + 6 + 9 + 11 + 12 + 15 + 17) => 77
(0 + 2 + 5 + 6 + 9 + 11 + 13 + 14 + 16) => 76
(0 + 2 + 5 + 6 + 9 + 11 + 13 + 14 + 17) => 77
(0 + 2 + 5 + 6 + 9 + 11 + 13 + 15 + 16) => 77
(0 + 2 + 5 + 6 + 9 + 11 + 13 + 15 + 17) => 78
(0 + 2 + 5 + 7 + 8 + 10 + 12 + 14 + 16) => 74
(0 + 2 + 5 + 7 + 8 + 10 + 12 + 14 + 17) => 75
(0 + 2 + 5 + 7 + 8 + 10 + 12 + 15 + 16) => 75
(0 + 2 + 5 + 7 + 8 + 10 + 12 + 15 + 17) => 76
(0 + 2 + 5 + 7 + 8 + 10 + 13 + 14 + 16) => 75
(0 + 2 + 5 + 7 + 8 + 10 + 13 + 14 + 17) => 76
(0 + 2 + 5 + 7 + 8 + 10 + 13 + 15 + 16) => 76
(0 + 2 + 5 + 7 + 8 + 10 + 13 + 15 + 17) => 77
(0 + 2 + 5 + 7 + 8 + 11 + 12 + 14 + 16) => 75
(0 + 2 + 5 + 7 + 8 + 11 + 12 + 14 + 17) => 76
(0 + 2 + 5 + 7 + 8 + 11 + 12 + 15 + 16) => 76
(0 + 2 + 5 + 7 + 8 + 11 + 12 + 15 + 17) => 77
(0 + 2 + 5 + 7 + 8 + 11 + 13 + 14 + 16) => 76
(0 + 2 + 5 + 7 + 8 + 11 + 13 + 14 + 17) => 77
(0 + 2 + 5 + 7 + 8 + 11 + 13 + 15 + 16) => 77
(0 + 2 + 5 + 7 + 8 + 11 + 13 + 15 + 17) => 78
(0 + 2 + 5 + 7 + 9 + 10 + 12 + 14 + 16) => 75
(0 + 2 + 5 + 7 + 9 + 10 + 12 + 14 + 17) => 76
(0 + 2 + 5 + 7 + 9 + 10 + 12 + 15 + 16) => 76
(0 + 2 + 5 + 7 + 9 + 10 + 12 + 15 + 17) => 77
(0 + 2 + 5 + 7 + 9 + 10 + 13 + 14 + 16) => 76
(0 + 2 + 5 + 7 + 9 + 10 + 13 + 14 + 17) => 77
(0 + 2 + 5 + 7 + 9 + 10 + 13 + 15 + 16) => 77
(0 + 2 + 5 + 7 + 9 + 10 + 13 + 15 + 17) => 78
(0 + 2 + 5 + 7 + 9 + 11 + 12 + 14 + 16) => 76
(0 + 2 + 5 + 7 + 9 + 11 + 12 + 14 + 17) => 77
(0 + 2 + 5 + 7 + 9 + 11 + 12 + 15 + 16) => 77
(0 + 2 + 5 + 7 + 9 + 11 + 12 + 15 + 17) => 78
(0 + 2 + 5 + 7 + 9 + 11 + 13 + 14 + 16) => 77
(0 + 2 + 5 + 7 + 9 + 11 + 13 + 14 + 17) => 78
(0 + 2 + 5 + 7 + 9 + 11 + 13 + 15 + 16) => 78
(0 + 2 + 5 + 7 + 9 + 11 + 13 + 15 + 17) => 79
(0 + 3 + 4 + 6 + 8 + 10 + 12 + 14 + 16) => 73
(0 + 3 + 4 + 6 + 8 + 10 + 12 + 14 + 17) => 74
(0 + 3 + 4 + 6 + 8 + 10 + 12 + 15 + 16) => 74
(0 + 3 + 4 + 6 + 8 + 10 + 12 + 15 + 17) => 75
(0 + 3 + 4 + 6 + 8 + 10 + 13 + 14 + 16) => 74
(0 + 3 + 4 + 6 + 8 + 10 + 13 + 14 + 17) => 75
(0 + 3 + 4 + 6 + 8 + 10 + 13 + 15 + 16) => 75
(0 + 3 + 4 + 6 + 8 + 10 + 13 + 15 + 17) => 76
(0 + 3 + 4 + 6 + 8 + 11 + 12 + 14 + 16) => 74
(0 + 3 + 4 + 6 + 8 + 11 + 12 + 14 + 17) => 75
(0 + 3 + 4 + 6 + 8 + 11 + 12 + 15 + 16) => 75
(0 + 3 + 4 + 6 + 8 + 11 + 12 + 15 + 17) => 76
(0 + 3 + 4 + 6 + 8 + 11 + 13 + 14 + 16) => 75
(0 + 3 + 4 + 6 + 8 + 11 + 13 + 14 + 17) => 76
(0 + 3 + 4 + 6 + 8 + 11 + 13 + 15 + 16) => 76
(0 + 3 + 4 + 6 + 8 + 11 + 13 + 15 + 17) => 77
(0 + 3 + 4 + 6 + 9 + 10 + 12 + 14 + 16) => 74
(0 + 3 + 4 + 6 + 9 + 10 + 12 + 14 + 17) => 75
(0 + 3 + 4 + 6 + 9 + 10 + 12 + 15 + 16) => 75
(0 + 3 + 4 + 6 + 9 + 10 + 12 + 15 + 17) => 76
(0 + 3 + 4 + 6 + 9 + 10 + 13 + 14 + 16) => 75
(0 + 3 + 4 + 6 + 9 + 10 + 13 + 14 + 17) => 76
(0 + 3 + 4 + 6 + 9 + 10 + 13 + 15 + 16) => 76
(0 + 3 + 4 + 6 + 9 + 10 + 13 + 15 + 17) => 77
(0 + 3 + 4 + 6 + 9 + 11 + 12 + 14 + 16) => 75
(0 + 3 + 4 + 6 + 9 + 11 + 12 + 14 + 17) => 76
(0 + 3 + 4 + 6 + 9 + 11 + 12 + 15 + 16) => 76
(0 + 3 + 4 + 6 + 9 + 11 + 12 + 15 + 17) => 77
(0 + 3 + 4 + 6 + 9 + 11 + 13 + 14 + 16) => 76
(0 + 3 + 4 + 6 + 9 + 11 + 13 + 14 + 17) => 77
(0 + 3 + 4 + 6 + 9 + 11 + 13 + 15 + 16) => 77
(0 + 3 + 4 + 6 + 9 + 11 + 13 + 15 + 17) => 78
(0 + 3 + 4 + 7 + 8 + 10 + 12 + 14 + 16) => 74
(0 + 3 + 4 + 7 + 8 + 10 + 12 + 14 + 17) => 75
(0 + 3 + 4 + 7 + 8 + 10 + 12 + 15 + 16) => 75
(0 + 3 + 4 + 7 + 8 + 10 + 12 + 15 + 17) => 76
(0 + 3 + 4 + 7 + 8 + 10 + 13 + 14 + 16) => 75
(0 + 3 + 4 + 7 + 8 + 10 + 13 + 14 + 17) => 76
(0 + 3 + 4 + 7 + 8 + 10 + 13 + 15 + 16) => 76
(0 + 3 + 4 + 7 + 8 + 10 + 13 + 15 + 17) => 77
(0 + 3 + 4 + 7 + 8 + 11 + 12 + 14 + 16) => 75
(0 + 3 + 4 + 7 + 8 + 11 + 12 + 14 + 17) => 76
(0 + 3 + 4 + 7 + 8 + 11 + 12 + 15 + 16) => 76
(0 + 3 + 4 + 7 + 8 + 11 + 12 + 15 + 17) => 77
(0 + 3 + 4 + 7 + 8 + 11 + 13 + 14 + 16) => 76
(0 + 3 + 4 + 7 + 8 + 11 + 13 + 14 + 17) => 77
(0 + 3 + 4 + 7 + 8 + 11 + 13 + 15 + 16) => 77
(0 + 3 + 4 + 7 + 8 + 11 + 13 + 15 + 17) => 78
(0 + 3 + 4 + 7 + 9 + 10 + 12 + 14 + 16) => 75
(0 + 3 + 4 + 7 + 9 + 10 + 12 + 14 + 17) => 76
(0 + 3 + 4 + 7 + 9 + 10 + 12 + 15 + 16) => 76
(0 + 3 + 4 + 7 + 9 + 10 + 12 + 15 + 17) => 77
(0 + 3 + 4 + 7 + 9 + 10 + 13 + 14 + 16) => 76
(0 + 3 + 4 + 7 + 9 + 10 + 13 + 14 + 17) => 77
(0 + 3 + 4 + 7 + 9 + 10 + 13 + 15 + 16) => 77
(0 + 3 + 4 + 7 + 9 + 10 + 13 + 15 + 17) => 78
(0 + 3 + 4 + 7 + 9 + 11 + 12 + 14 + 16) => 76
(0 + 3 + 4 + 7 + 9 + 11 + 12 + 14 + 17) => 77
(0 + 3 + 4 + 7 + 9 + 11 + 12 + 15 + 16) => 77
(0 + 3 + 4 + 7 + 9 + 11 + 12 + 15 + 17) => 78
(0 + 3 + 4 + 7 + 9 + 11 + 13 + 14 + 16) => 77
(0 + 3 + 4 + 7 + 9 + 11 + 13 + 14 + 17) => 78
(0 + 3 + 4 + 7 + 9 + 11 + 13 + 15 + 16) => 78
(0 + 3 + 4 + 7 + 9 + 11 + 13 + 15 + 17) => 79
(0 + 3 + 5 + 6 + 8 + 10 + 12 + 14 + 16) => 74
(0 + 3 + 5 + 6 + 8 + 10 + 12 + 14 + 17) => 75
(0 + 3 + 5 + 6 + 8 + 10 + 12 + 15 + 16) => 75
(0 + 3 + 5 + 6 + 8 + 10 + 12 + 15 + 17) => 76
(0 + 3 + 5 + 6 + 8 + 10 + 13 + 14 + 16) => 75
(0 + 3 + 5 + 6 + 8 + 10 + 13 + 14 + 17) => 76
(0 + 3 + 5 + 6 + 8 + 10 + 13 + 15 + 16) => 76
(0 + 3 + 5 + 6 + 8 + 10 + 13 + 15 + 17) => 77
(0 + 3 + 5 + 6 + 8 + 11 + 12 + 14 + 16) => 75
(0 + 3 + 5 + 6 + 8 + 11 + 12 + 14 + 17) => 76
(0 + 3 + 5 + 6 + 8 + 11 + 12 + 15 + 16) => 76
(0 + 3 + 5 + 6 + 8 + 11 + 12 + 15 + 17) => 77
(0 + 3 + 5 + 6 + 8 + 11 + 13 + 14 + 16) => 76
(0 + 3 + 5 + 6 + 8 + 11 + 13 + 14 + 17) => 77
(0 + 3 + 5 + 6 + 8 + 11 + 13 + 15 + 16) => 77
(0 + 3 + 5 + 6 + 8 + 11 + 13 + 15 + 17) => 78
(0 + 3 + 5 + 6 + 9 + 10 + 12 + 14 + 16) => 75
(0 + 3 + 5 + 6 + 9 + 10 + 12 + 14 + 17) => 76
(0 + 3 + 5 + 6 + 9 + 10 + 12 + 15 + 16) => 76
(0 + 3 + 5 + 6 + 9 + 10 + 12 + 15 + 17) => 77
(0 + 3 + 5 + 6 + 9 + 10 + 13 + 14 + 16) => 76
(0 + 3 + 5 + 6 + 9 + 10 + 13 + 14 + 17) => 77
(0 + 3 + 5 + 6 + 9 + 10 + 13 + 15 + 16) => 77
(0 + 3 + 5 + 6 + 9 + 10 + 13 + 15 + 17) => 78
(0 + 3 + 5 + 6 + 9 + 11 + 12 + 14 + 16) => 76
(0 + 3 + 5 + 6 + 9 + 11 + 12 + 14 + 17) => 77
(0 + 3 + 5 + 6 + 9 + 11 + 12 + 15 + 16) => 77
(0 + 3 + 5 + 6 + 9 + 11 + 12 + 15 + 17) => 78
(0 + 3 + 5 + 6 + 9 + 11 + 13 + 14 + 16) => 77
(0 + 3 + 5 + 6 + 9 + 11 + 13 + 14 + 17) => 78
(0 + 3 + 5 + 6 + 9 + 11 + 13 + 15 + 16) => 78
(0 + 3 + 5 + 6 + 9 + 11 + 13 + 15 + 17) => 79
(0 + 3 + 5 + 7 + 8 + 10 + 12 + 14 + 16) => 75
(0 + 3 + 5 + 7 + 8 + 10 + 12 + 14 + 17) => 76
(0 + 3 + 5 + 7 + 8 + 10 + 12 + 15 + 16) => 76
(0 + 3 + 5 + 7 + 8 + 10 + 12 + 15 + 17) => 77
(0 + 3 + 5 + 7 + 8 + 10 + 13 + 14 + 16) => 76
(0 + 3 + 5 + 7 + 8 + 10 + 13 + 14 + 17) => 77
(0 + 3 + 5 + 7 + 8 + 10 + 13 + 15 + 16) => 77
(0 + 3 + 5 + 7 + 8 + 10 + 13 + 15 + 17) => 78
(0 + 3 + 5 + 7 + 8 + 11 + 12 + 14 + 16) => 76
(0 + 3 + 5 + 7 + 8 + 11 + 12 + 14 + 17) => 77
(0 + 3 + 5 + 7 + 8 + 11 + 12 + 15 + 16) => 77
(0 + 3 + 5 + 7 + 8 + 11 + 12 + 15 + 17) => 78
(0 + 3 + 5 + 7 + 8 + 11 + 13 + 14 + 16) => 77
(0 + 3 + 5 + 7 + 8 + 11 + 13 + 14 + 17) => 78
(0 + 3 + 5 + 7 + 8 + 11 + 13 + 15 + 16) => 78
(0 + 3 + 5 + 7 + 8 + 11 + 13 + 15 + 17) => 79
(0 + 3 + 5 + 7 + 9 + 10 + 12 + 14 + 16) => 76
(0 + 3 + 5 + 7 + 9 + 10 + 12 + 14 + 17) => 77
(0 + 3 + 5 + 7 + 9 + 10 + 12 + 15 + 16) => 77
(0 + 3 + 5 + 7 + 9 + 10 + 12 + 15 + 17) => 78
(0 + 3 + 5 + 7 + 9 + 10 + 13 + 14 + 16) => 77
(0 + 3 + 5 + 7 + 9 + 10 + 13 + 14 + 17) => 78
(0 + 3 + 5 + 7 + 9 + 10 + 13 + 15 + 16) => 78
(0 + 3 + 5 + 7 + 9 + 10 + 13 + 15 + 17) => 79
(0 + 3 + 5 + 7 + 9 + 11 + 12 + 14 + 16) => 77
(0 + 3 + 5 + 7 + 9 + 11 + 12 + 14 + 17) => 78
(0 + 3 + 5 + 7 + 9 + 11 + 12 + 15 + 16) => 78
(0 + 3 + 5 + 7 + 9 + 11 + 12 + 15 + 17) => 79
(0 + 3 + 5 + 7 + 9 + 11 + 13 + 14 + 16) => 78
(0 + 3 + 5 + 7 + 9 + 11 + 13 + 14 + 17) => 79
(0 + 3 + 5 + 7 + 9 + 11 + 13 + 15 + 16) => 79
(0 + 3 + 5 + 7 + 9 + 11 + 13 + 15 + 17) => 80
(1 + 2 + 4 + 6 + 8 + 10 + 12 + 14 + 16) => 73
(1 + 2 + 4 + 6 + 8 + 10 + 12 + 14 + 17) => 74
(1 + 2 + 4 + 6 + 8 + 10 + 12 + 15 + 16) => 74
(1 + 2 + 4 + 6 + 8 + 10 + 12 + 15 + 17) => 75
(1 + 2 + 4 + 6 + 8 + 10 + 13 + 14 + 16) => 74
(1 + 2 + 4 + 6 + 8 + 10 + 13 + 14 + 17) => 75
(1 + 2 + 4 + 6 + 8 + 10 + 13 + 15 + 16) => 75
(1 + 2 + 4 + 6 + 8 + 10 + 13 + 15 + 17) => 76
(1 + 2 + 4 + 6 + 8 + 11 + 12 + 14 + 16) => 74
(1 + 2 + 4 + 6 + 8 + 11 + 12 + 14 + 17) => 75
(1 + 2 + 4 + 6 + 8 + 11 + 12 + 15 + 16) => 75
(1 + 2 + 4 + 6 + 8 + 11 + 12 + 15 + 17) => 76
(1 + 2 + 4 + 6 + 8 + 11 + 13 + 14 + 16) => 75
(1 + 2 + 4 + 6 + 8 + 11 + 13 + 14 + 17) => 76
(1 + 2 + 4 + 6 + 8 + 11 + 13 + 15 + 16) => 76
(1 + 2 + 4 + 6 + 8 + 11 + 13 + 15 + 17) => 77
(1 + 2 + 4 + 6 + 9 + 10 + 12 + 14 + 16) => 74
(1 + 2 + 4 + 6 + 9 + 10 + 12 + 14 + 17) => 75
(1 + 2 + 4 + 6 + 9 + 10 + 12 + 15 + 16) => 75
(1 + 2 + 4 + 6 + 9 + 10 + 12 + 15 + 17) => 76
(1 + 2 + 4 + 6 + 9 + 10 + 13 + 14 + 16) => 75
(1 + 2 + 4 + 6 + 9 + 10 + 13 + 14 + 17) => 76
(1 + 2 + 4 + 6 + 9 + 10 + 13 + 15 + 16) => 76
(1 + 2 + 4 + 6 + 9 + 10 + 13 + 15 + 17) => 77
(1 + 2 + 4 + 6 + 9 + 11 + 12 + 14 + 16) => 75
(1 + 2 + 4 + 6 + 9 + 11 + 12 + 14 + 17) => 76
(1 + 2 + 4 + 6 + 9 + 11 + 12 + 15 + 16) => 76
(1 + 2 + 4 + 6 + 9 + 11 + 12 + 15 + 17) => 77
(1 + 2 + 4 + 6 + 9 + 11 + 13 + 14 + 16) => 76
(1 + 2 + 4 + 6 + 9 + 11 + 13 + 14 + 17) => 77
(1 + 2 + 4 + 6 + 9 + 11 + 13 + 15 + 16) => 77
(1 + 2 + 4 + 6 + 9 + 11 + 13 + 15 + 17) => 78
(1 + 2 + 4 + 7 + 8 + 10 + 12 + 14 + 16) => 74
(1 + 2 + 4 + 7 + 8 + 10 + 12 + 14 + 17) => 75
(1 + 2 + 4 + 7 + 8 + 10 + 12 + 15 + 16) => 75
(1 + 2 + 4 + 7 + 8 + 10 + 12 + 15 + 17) => 76
(1 + 2 + 4 + 7 + 8 + 10 + 13 + 14 + 16) => 75
(1 + 2 + 4 + 7 + 8 + 10 + 13 + 14 + 17) => 76
(1 + 2 + 4 + 7 + 8 + 10 + 13 + 15 + 16) => 76
(1 + 2 + 4 + 7 + 8 + 10 + 13 + 15 + 17) => 77
(1 + 2 + 4 + 7 + 8 + 11 + 12 + 14 + 16) => 75
(1 + 2 + 4 + 7 + 8 + 11 + 12 + 14 + 17) => 76
(1 + 2 + 4 + 7 + 8 + 11 + 12 + 15 + 16) => 76
(1 + 2 + 4 + 7 + 8 + 11 + 12 + 15 + 17) => 77
(1 + 2 + 4 + 7 + 8 + 11 + 13 + 14 + 16) => 76
(1 + 2 + 4 + 7 + 8 + 11 + 13 + 14 + 17) => 77
(1 + 2 + 4 + 7 + 8 + 11 + 13 + 15 + 16) => 77
(1 + 2 + 4 + 7 + 8 + 11 + 13 + 15 + 17) => 78
(1 + 2 + 4 + 7 + 9 + 10 + 12 + 14 + 16) => 75
(1 + 2 + 4 + 7 + 9 + 10 + 12 + 14 + 17) => 76
(1 + 2 + 4 + 7 + 9 + 10 + 12 + 15 + 16) => 76
(1 + 2 + 4 + 7 + 9 + 10 + 12 + 15 + 17) => 77
(1 + 2 + 4 + 7 + 9 + 10 + 13 + 14 + 16) => 76
(1 + 2 + 4 + 7 + 9 + 10 + 13 + 14 + 17) => 77
(1 + 2 + 4 + 7 + 9 + 10 + 13 + 15 + 16) => 77
(1 + 2 + 4 + 7 + 9 + 10 + 13 + 15 + 17) => 78
(1 + 2 + 4 + 7 + 9 + 11 + 12 + 14 + 16) => 76
(1 + 2 + 4 + 7 + 9 + 11 + 12 + 14 + 17) => 77
(1 + 2 + 4 + 7 + 9 + 11 + 12 + 15 + 16) => 77
(1 + 2 + 4 + 7 + 9 + 11 + 12 + 15 + 17) => 78
(1 + 2 + 4 + 7 + 9 + 11 + 13 + 14 + 16) => 77
(1 + 2 + 4 + 7 + 9 + 11 + 13 + 14 + 17) => 78
(1 + 2 + 4 + 7 + 9 + 11 + 13 + 15 + 16) => 78
(1 + 2 + 4 + 7 + 9 + 11 + 13 + 15 + 17) => 79
(1 + 2 + 5 + 6 + 8 + 10 + 12 + 14 + 16) => 74
(1 + 2 + 5 + 6 + 8 + 10 + 12 + 14 + 17) => 75
(1 + 2 + 5 + 6 + 8 + 10 + 12 + 15 + 16) => 75
(1 + 2 + 5 + 6 + 8 + 10 + 12 + 15 + 17) => 76
(1 + 2 + 5 + 6 + 8 + 10 + 13 + 14 + 16) => 75
(1 + 2 + 5 + 6 + 8 + 10 + 13 + 14 + 17) => 76
(1 + 2 + 5 + 6 + 8 + 10 + 13 + 15 + 16) => 76
(1 + 2 + 5 + 6 + 8 + 10 + 13 + 15 + 17) => 77
(1 + 2 + 5 + 6 + 8 + 11 + 12 + 14 + 16) => 75
(1 + 2 + 5 + 6 + 8 + 11 + 12 + 14 + 17) => 76
(1 + 2 + 5 + 6 + 8 + 11 + 12 + 15 + 16) => 76
(1 + 2 + 5 + 6 + 8 + 11 + 12 + 15 + 17) => 77
(1 + 2 + 5 + 6 + 8 + 11 + 13 + 14 + 16) => 76
(1 + 2 + 5 + 6 + 8 + 11 + 13 + 14 + 17) => 77
(1 + 2 + 5 + 6 + 8 + 11 + 13 + 15 + 16) => 77
(1 + 2 + 5 + 6 + 8 + 11 + 13 + 15 + 17) => 78
(1 + 2 + 5 + 6 + 9 + 10 + 12 + 14 + 16) => 75
(1 + 2 + 5 + 6 + 9 + 10 + 12 + 14 + 17) => 76
(1 + 2 + 5 + 6 + 9 + 10 + 12 + 15 + 16) => 76
(1 + 2 + 5 + 6 + 9 + 10 + 12 + 15 + 17) => 77
(1 + 2 + 5 + 6 + 9 + 10 + 13 + 14 + 16) => 76
(1 + 2 + 5 + 6 + 9 + 10 + 13 + 14 + 17) => 77
(1 + 2 + 5 + 6 + 9 + 10 + 13 + 15 + 16) => 77
(1 + 2 + 5 + 6 + 9 + 10 + 13 + 15 + 17) => 78
(1 + 2 + 5 + 6 + 9 + 11 + 12 + 14 + 16) => 76
(1 + 2 + 5 + 6 + 9 + 11 + 12 + 14 + 17) => 77
(1 + 2 + 5 + 6 + 9 + 11 + 12 + 15 + 16) => 77
(1 + 2 + 5 + 6 + 9 + 11 + 12 + 15 + 17) => 78
(1 + 2 + 5 + 6 + 9 + 11 + 13 + 14 + 16) => 77
(1 + 2 + 5 + 6 + 9 + 11 + 13 + 14 + 17) => 78
(1 + 2 + 5 + 6 + 9 + 11 + 13 + 15 + 16) => 78
(1 + 2 + 5 + 6 + 9 + 11 + 13 + 15 + 17) => 79
(1 + 2 + 5 + 7 + 8 + 10 + 12 + 14 + 16) => 75
(1 + 2 + 5 + 7 + 8 + 10 + 12 + 14 + 17) => 76
(1 + 2 + 5 + 7 + 8 + 10 + 12 + 15 + 16) => 76
(1 + 2 + 5 + 7 + 8 + 10 + 12 + 15 + 17) => 77
(1 + 2 + 5 + 7 + 8 + 10 + 13 + 14 + 16) => 76
(1 + 2 + 5 + 7 + 8 + 10 + 13 + 14 + 17) => 77
(1 + 2 + 5 + 7 + 8 + 10 + 13 + 15 + 16) => 77
(1 + 2 + 5 + 7 + 8 + 10 + 13 + 15 + 17) => 78
(1 + 2 + 5 + 7 + 8 + 11 + 12 + 14 + 16) => 76
(1 + 2 + 5 + 7 + 8 + 11 + 12 + 14 + 17) => 77
(1 + 2 + 5 + 7 + 8 + 11 + 12 + 15 + 16) => 77
(1 + 2 + 5 + 7 + 8 + 11 + 12 + 15 + 17) => 78
(1 + 2 + 5 + 7 + 8 + 11 + 13 + 14 + 16) => 77
(1 + 2 + 5 + 7 + 8 + 11 + 13 + 14 + 17) => 78
(1 + 2 + 5 + 7 + 8 + 11 + 13 + 15 + 16) => 78
(1 + 2 + 5 + 7 + 8 + 11 + 13 + 15 + 17) => 79
(1 + 2 + 5 + 7 + 9 + 10 + 12 + 14 + 16) => 76
(1 + 2 + 5 + 7 + 9 + 10 + 12 + 14 + 17) => 77
(1 + 2 + 5 + 7 + 9 + 10 + 12 + 15 + 16) => 77
(1 + 2 + 5 + 7 + 9 + 10 + 12 + 15 + 17) => 78
(1 + 2 + 5 + 7 + 9 + 10 + 13 + 14 + 16) => 77
(1 + 2 + 5 + 7 + 9 + 10 + 13 + 14 + 17) => 78
(1 + 2 + 5 + 7 + 9 + 10 + 13 + 15 + 16) => 78
(1 + 2 + 5 + 7 + 9 + 10 + 13 + 15 + 17) => 79
(1 + 2 + 5 + 7 + 9 + 11 + 12 + 14 + 16) => 77
(1 + 2 + 5 + 7 + 9 + 11 + 12 + 14 + 17) => 78
(1 + 2 + 5 + 7 + 9 + 11 + 12 + 15 + 16) => 78
(1 + 2 + 5 + 7 + 9 + 11 + 12 + 15 + 17) => 79
(1 + 2 + 5 + 7 + 9 + 11 + 13 + 14 + 16) => 78
(1 + 2 + 5 + 7 + 9 + 11 + 13 + 14 + 17) => 79
(1 + 2 + 5 + 7 + 9 + 11 + 13 + 15 + 16) => 79
(1 + 2 + 5 + 7 + 9 + 11 + 13 + 15 + 17) => 80
(1 + 3 + 4 + 6 + 8 + 10 + 12 + 14 + 16) => 74
(1 + 3 + 4 + 6 + 8 + 10 + 12 + 14 + 17) => 75
(1 + 3 + 4 + 6 + 8 + 10 + 12 + 15 + 16) => 75
(1 + 3 + 4 + 6 + 8 + 10 + 12 + 15 + 17) => 76
(1 + 3 + 4 + 6 + 8 + 10 + 13 + 14 + 16) => 75
(1 + 3 + 4 + 6 + 8 + 10 + 13 + 14 + 17) => 76
(1 + 3 + 4 + 6 + 8 + 10 + 13 + 15 + 16) => 76
(1 + 3 + 4 + 6 + 8 + 10 + 13 + 15 + 17) => 77
(1 + 3 + 4 + 6 + 8 + 11 + 12 + 14 + 16) => 75
(1 + 3 + 4 + 6 + 8 + 11 + 12 + 14 + 17) => 76
(1 + 3 + 4 + 6 + 8 + 11 + 12 + 15 + 16) => 76
(1 + 3 + 4 + 6 + 8 + 11 + 12 + 15 + 17) => 77
(1 + 3 + 4 + 6 + 8 + 11 + 13 + 14 + 16) => 76
(1 + 3 + 4 + 6 + 8 + 11 + 13 + 14 + 17) => 77
(1 + 3 + 4 + 6 + 8 + 11 + 13 + 15 + 16) => 77
(1 + 3 + 4 + 6 + 8 + 11 + 13 + 15 + 17) => 78
(1 + 3 + 4 + 6 + 9 + 10 + 12 + 14 + 16) => 75
(1 + 3 + 4 + 6 + 9 + 10 + 12 + 14 + 17) => 76
(1 + 3 + 4 + 6 + 9 + 10 + 12 + 15 + 16) => 76
(1 + 3 + 4 + 6 + 9 + 10 + 12 + 15 + 17) => 77
(1 + 3 + 4 + 6 + 9 + 10 + 13 + 14 + 16) => 76
(1 + 3 + 4 + 6 + 9 + 10 + 13 + 14 + 17) => 77
(1 + 3 + 4 + 6 + 9 + 10 + 13 + 15 + 16) => 77
(1 + 3 + 4 + 6 + 9 + 10 + 13 + 15 + 17) => 78
(1 + 3 + 4 + 6 + 9 + 11 + 12 + 14 + 16) => 76
(1 + 3 + 4 + 6 + 9 + 11 + 12 + 14 + 17) => 77
(1 + 3 + 4 + 6 + 9 + 11 + 12 + 15 + 16) => 77
(1 + 3 + 4 + 6 + 9 + 11 + 12 + 15 + 17) => 78
(1 + 3 + 4 + 6 + 9 + 11 + 13 + 14 + 16) => 77
(1 + 3 + 4 + 6 + 9 + 11 + 13 + 14 + 17) => 78
(1 + 3 + 4 + 6 + 9 + 11 + 13 + 15 + 16) => 78
(1 + 3 + 4 + 6 + 9 + 11 + 13 + 15 + 17) => 79
(1 + 3 + 4 + 7 + 8 + 10 + 12 + 14 + 16) => 75
(1 + 3 + 4 + 7 + 8 + 10 + 12 + 14 + 17) => 76
(1 + 3 + 4 + 7 + 8 + 10 + 12 + 15 + 16) => 76
(1 + 3 + 4 + 7 + 8 + 10 + 12 + 15 + 17) => 77
(1 + 3 + 4 + 7 + 8 + 10 + 13 + 14 + 16) => 76
(1 + 3 + 4 + 7 + 8 + 10 + 13 + 14 + 17) => 77
(1 + 3 + 4 + 7 + 8 + 10 + 13 + 15 + 16) => 77
(1 + 3 + 4 + 7 + 8 + 10 + 13 + 15 + 17) => 78
(1 + 3 + 4 + 7 + 8 + 11 + 12 + 14 + 16) => 76
(1 + 3 + 4 + 7 + 8 + 11 + 12 + 14 + 17) => 77
(1 + 3 + 4 + 7 + 8 + 11 + 12 + 15 + 16) => 77
(1 + 3 + 4 + 7 + 8 + 11 + 12 + 15 + 17) => 78
(1 + 3 + 4 + 7 + 8 + 11 + 13 + 14 + 16) => 77
(1 + 3 + 4 + 7 + 8 + 11 + 13 + 14 + 17) => 78
(1 + 3 + 4 + 7 + 8 + 11 + 13 + 15 + 16) => 78
(1 + 3 + 4 + 7 + 8 + 11 + 13 + 15 + 17) => 79
(1 + 3 + 4 + 7 + 9 + 10 + 12 + 14 + 16) => 76
(1 + 3 + 4 + 7 + 9 + 10 + 12 + 14 + 17) => 77
(1 + 3 + 4 + 7 + 9 + 10 + 12 + 15 + 16) => 77
(1 + 3 + 4 + 7 + 9 + 10 + 12 + 15 + 17) => 78
(1 + 3 + 4 + 7 + 9 + 10 + 13 + 14 + 16) => 77
(1 + 3 + 4 + 7 + 9 + 10 + 13 + 14 + 17) => 78
(1 + 3 + 4 + 7 + 9 + 10 + 13 + 15 + 16) => 78
(1 + 3 + 4 + 7 + 9 + 10 + 13 + 15 + 17) => 79
(1 + 3 + 4 + 7 + 9 + 11 + 12 + 14 + 16) => 77
(1 + 3 + 4 + 7 + 9 + 11 + 12 + 14 + 17) => 78
(1 + 3 + 4 + 7 + 9 + 11 + 12 + 15 + 16) => 78
(1 + 3 + 4 + 7 + 9 + 11 + 12 + 15 + 17) => 79
(1 + 3 + 4 + 7 + 9 + 11 + 13 + 14 + 16) => 78
(1 + 3 + 4 + 7 + 9 + 11 + 13 + 14 + 17) => 79
(1 + 3 + 4 + 7 + 9 + 11 + 13 + 15 + 16) => 79
(1 + 3 + 4 + 7 + 9 + 11 + 13 + 15 + 17) => 80
(1 + 3 + 5 + 6 + 8 + 10 + 12 + 14 + 16) => 75
(1 + 3 + 5 + 6 + 8 + 10 + 12 + 14 + 17) => 76
(1 + 3 + 5 + 6 + 8 + 10 + 12 + 15 + 16) => 76
(1 + 3 + 5 + 6 + 8 + 10 + 12 + 15 + 17) => 77
(1 + 3 + 5 + 6 + 8 + 10 + 13 + 14 + 16) => 76
(1 + 3 + 5 + 6 + 8 + 10 + 13 + 14 + 17) => 77
(1 + 3 + 5 + 6 + 8 + 10 + 13 + 15 + 16) => 77
(1 + 3 + 5 + 6 + 8 + 10 + 13 + 15 + 17) => 78
(1 + 3 + 5 + 6 + 8 + 11 + 12 + 14 + 16) => 76
(1 + 3 + 5 + 6 + 8 + 11 + 12 + 14 + 17) => 77
(1 + 3 + 5 + 6 + 8 + 11 + 12 + 15 + 16) => 77
(1 + 3 + 5 + 6 + 8 + 11 + 12 + 15 + 17) => 78
(1 + 3 + 5 + 6 + 8 + 11 + 13 + 14 + 16) => 77
(1 + 3 + 5 + 6 + 8 + 11 + 13 + 14 + 17) => 78
(1 + 3 + 5 + 6 + 8 + 11 + 13 + 15 + 16) => 78
(1 + 3 + 5 + 6 + 8 + 11 + 13 + 15 + 17) => 79
(1 + 3 + 5 + 6 + 9 + 10 + 12 + 14 + 16) => 76
(1 + 3 + 5 + 6 + 9 + 10 + 12 + 14 + 17) => 77
(1 + 3 + 5 + 6 + 9 + 10 + 12 + 15 + 16) => 77
(1 + 3 + 5 + 6 + 9 + 10 + 12 + 15 + 17) => 78
(1 + 3 + 5 + 6 + 9 + 10 + 13 + 14 + 16) => 77
(1 + 3 + 5 + 6 + 9 + 10 + 13 + 14 + 17) => 78
(1 + 3 + 5 + 6 + 9 + 10 + 13 + 15 + 16) => 78
(1 + 3 + 5 + 6 + 9 + 10 + 13 + 15 + 17) => 79
(1 + 3 + 5 + 6 + 9 + 11 + 12 + 14 + 16) => 77
(1 + 3 + 5 + 6 + 9 + 11 + 12 + 14 + 17) => 78
(1 + 3 + 5 + 6 + 9 + 11 + 12 + 15 + 16) => 78
(1 + 3 + 5 + 6 + 9 + 11 + 12 + 15 + 17) => 79
(1 + 3 + 5 + 6 + 9 + 11 + 13 + 14 + 16) => 78
(1 + 3 + 5 + 6 + 9 + 11 + 13 + 14 + 17) => 79
(1 + 3 + 5 + 6 + 9 + 11 + 13 + 15 + 16) => 79
(1 + 3 + 5 + 6 + 9 + 11 + 13 + 15 + 17) => 80
(1 + 3 + 5 + 7 + 8 + 10 + 12 + 14 + 16) => 76
(1 + 3 + 5 + 7 + 8 + 10 + 12 + 14 + 17) => 77
(1 + 3 + 5 + 7 + 8 + 10 + 12 + 15 + 16) => 77
(1 + 3 + 5 + 7 + 8 + 10 + 12 + 15 + 17) => 78
(1 + 3 + 5 + 7 + 8 + 10 + 13 + 14 + 16) => 77
(1 + 3 + 5 + 7 + 8 + 10 + 13 + 14 + 17) => 78
(1 + 3 + 5 + 7 + 8 + 10 + 13 + 15 + 16) => 78
(1 + 3 + 5 + 7 + 8 + 10 + 13 + 15 + 17) => 79
(1 + 3 + 5 + 7 + 8 + 11 + 12 + 14 + 16) => 77
(1 + 3 + 5 + 7 + 8 + 11 + 12 + 14 + 17) => 78
(1 + 3 + 5 + 7 + 8 + 11 + 12 + 15 + 16) => 78
(1 + 3 + 5 + 7 + 8 + 11 + 12 + 15 + 17) => 79
(1 + 3 + 5 + 7 + 8 + 11 + 13 + 14 + 16) => 78
(1 + 3 + 5 + 7 + 8 + 11 + 13 + 14 + 17) => 79
(1 + 3 + 5 + 7 + 8 + 11 + 13 + 15 + 16) => 79
(1 + 3 + 5 + 7 + 8 + 11 + 13 + 15 + 17) => 80
(1 + 3 + 5 + 7 + 9 + 10 + 12 + 14 + 16) => 77
(1 + 3 + 5 + 7 + 9 + 10 + 12 + 14 + 17) => 78
(1 + 3 + 5 + 7 + 9 + 10 + 12 + 15 + 16) => 78
(1 + 3 + 5 + 7 + 9 + 10 + 12 + 15 + 17) => 79
(1 + 3 + 5 + 7 + 9 + 10 + 13 + 14 + 16) => 78
(1 + 3 + 5 + 7 + 9 + 10 + 13 + 14 + 17) => 79
(1 + 3 + 5 + 7 + 9 + 10 + 13 + 15 + 16) => 79
(1 + 3 + 5 + 7 + 9 + 10 + 13 + 15 + 17) => 80
(1 + 3 + 5 + 7 + 9 + 11 + 12 + 14 + 16) => 78
(1 + 3 + 5 + 7 + 9 + 11 + 12 + 14 + 17) => 79
(1 + 3 + 5 + 7 + 9 + 11 + 12 + 15 + 16) => 79
(1 + 3 + 5 + 7 + 9 + 11 + 12 + 15 + 17) => 80
(1 + 3 + 5 + 7 + 9 + 11 + 13 + 14 + 16) => 79
(1 + 3 + 5 + 7 + 9 + 11 + 13 + 14 + 17) => 80
(1 + 3 + 5 + 7 + 9 + 11 + 13 + 15 + 16) => 80
(1 + 3 + 5 + 7 + 9 + 11 + 13 + 15 + 17) => 81
