title
(0 + 2 + 4 + 6 + 8 + 10 + 12 + 14) => 56
(0 + 2 + 4 + 6 + 8 + 10 + 12 + 15) => 57
(0 + 2 + 4 + 6 + 8 + 10 + 13 + 14) => 57
(0 + 2 + 4 + 6 + 8 + 10 + 13 + 15) => 58
(0 + 2 + 4 + 6 + 8 + 11 + 12 + 14) => 57
(0 + 2 + 4 + 6 + 8 + 11 + 12 + 15) => 58
(0 + 2 + 4 + 6 + 8 + 11 + 13 + 14) => 58
(0 + 2 + 4 + 6 + 8 + 11 + 13 + 15) => 59
(0 + 2 + 4 + 6 + 9 + 10 + 12 + 14) => 57
(0 + 2 + 4 + 6 + 9 + 10 + 12 + 15) => 58
(0 + 2 + 4 + 6 + 9 + 10 + 13 + 14) => 58
(0 + 2 + 4 + 6 + 9 + 10 + 13 + 15) => 59
(0 + 2 + 4 + 6 + 9 + 11 + 12 + 14) => 58
(0 + 2 + 4 + 6 + 9 + 11 + 12 + 15) => 59
(0 + 2 + 4 + 6 + 9 + 11 + 13 + 14) => 59
(0 + 2 + 4 + 6 + 9 + 11 + 13 + 15) => 60
(0 + 2 + 4 + 7 + 8 + 10 + 12 + 14) => 57
(0 + 2 + 4 + 7 + 8 + 10 + 12 + 15) => 58
(0 + 2 + 4 + 7 + 8 + 10 + 13 + 14) => 58
(0 + 2 + 4 + 7 + 8 + 10 + 13 + 15) => 59
(0 + 2 + 4 + 7 + 8 + 11 + 12 + 14) => 58
(0 + 2 + 4 + 7 + 8 + 11 + 12 + 15) => 59
(0 + 2 + 4 + 7 + 8 + 11 + 13 + 14) => 59
(0 + 2 + 4 + 7 + 8 + 11 + 13 + 15) => 60
(0 + 2 + 4 + 7 + 9 + 10 + 12 + 14) => 58
(0 + 2 + 4 + 7 + 9 + 10 + 12 + 15) => 59
(0 + 2 + 4 + 7 + 9 + 10 + 13 + 14) => 59
(0 + 2 + 4 + 7 + 9 + 10 + 13 + 15) => 60
(0 + 2 + 4 + 7 + 9 + 11 + 12 + 14) => 59
(0 + 2 + 4 + 7 + 9 + 11 + 12 + 15) => 60
(0 + 2 + 4 + 7 + 9 + 11 + 13 + 14) => 60
(0 + 2 + 4 + 7 + 9 + 11 + 13 + 15) => 61
(0 + 2 + 5 + 6 + 8 + 10 + 12 + 14) => 57
(0 + 2 + 5 + 6 + 8 + 10 + 12 + 15) => 58
(0 + 2 + 5 + 6 + 8 + 10 + 13 + 14) => 58
(0 + 2 + 5 + 6 + 8 + 10 + 13 + 15) => 59
(0 + 2 + 5 + 6 + 8 + 11 + 12 + 14) => 58
(0 + 2 + 5 + 6 + 8 + 11 + 12 + 15) => 59
(0 + 2 + 5 + 6 + 8 + 11 + 13 + 14) => 59
(0 + 2 + 5 + 6 + 8 + 11 + 13 + 15) => 60
(0 + 2 + 5 + 6 + 9 + 10 + 12 + 14) => 58
(0 + 2 + 5 + 6 + 9 + 10 + 12 + 15) => 59
(0 + 2 + 5 + 6 + 9 + 10 + 13 + 14) => 59
(0 + 2 + 5 + 6 + 9 + 10 + 13 + 15) => 60
(0 + 2 + 5 + 6 + 9 + 11 + 12 + 14) => 59
(0 + 2 + 5 + 6 + 9 + 11 + 12 + 15) => 60
(0 + 2 + 5 + 6 + 9 + 11 + 13 + 14) => 60
(0 + 2 + 5 + 6 + 9 + 11 + 13 + 15) => 61
(0 + 2 + 5 + 7 + 8 + 10 + 12 + 14) => 58
(0 + 2 + 5 + 7 + 8 + 10 + 12 + 15) => 59
(0 + 2 + 5 + 7 + 8 + 10 + 13 + 14) => 59
(0 + 2 + 5 + 7 + 8 + 10 + 13 + 15) => 60
(0 + 2 + 5 + 7 + 8 + 11 + 12 + 14) => 59
(0 + 2 + 5 + 7 + 8 + 11 + 12 + 15) => 60
(0 + 2 + 5 + 7 + 8 + 11 + 13 + 14) => 60
(0 + 2 + 5 + 7 + 8 + 11 + 13 + 15) => 61
(0 + 2 + 5 + 7 + 9 + 10 + 12 + 14) => 59
(0 + 2 + 5 + 7 + 9 + 10 + 12 + 15) => 60
(0 + 2 + 5 + 7 + 9 + 10 + 13 + 14) => 60
(0 + 2 + 5 + 7 + 9 + 10 + 13 + 15) => 61
(0 + 2 + 5 + 7 + 9 + 11 + 12 + 14) => 60
(0 + 2 + 5 + 7 + 9 + 11 + 12 + 15) => 61
(0 + 2 + 5 + 7 + 9 + 11 + 13 + 14) => 61
(0 + 2 + 5 + 7 + 9 + 11 + 13 + 15) => 62
(0 + 3 + 4 + 6 + 8 + 10 + 12 + 14) => 57
(0 + 3 + 4 + 6 + 8 + 10 + 12 + 15) => 58
(0 + 3 + 4 + 6 + 8 + 10 + 13 + 14) => 58
(0 + 3 + 4 + 6 + 8 + 10 + 13 + 15) => 59
(0 + 3 + 4 + 6 + 8 + 11 + 12 + 14) => 58
(0 + 3 + 4 + 6 + 8 + 11 + 12 + 15) => 59
(0 + 3 + 4 + 6 + 8 + 11 + 13 + 14) => 59
(0 + 3 + 4 + 6 + 8 + 11 + 13 + 15) => 60
(0 + 3 + 4 + 6 + 9 + 10 + 12 + 14) => 58
(0 + 3 + 4 + 6 + 9 + 10 + 12 + 15) => 59
(0 + 3 + 4 + 6 + 9 + 10 + 13 + 14) => 59
(0 + 3 + 4 + 6 + 9 + 10 + 13 + 15) => 60
(0 + 3 + 4 + 6 + 9 + 11 + 12 + 14) => 59
(0 + 3 + 4 + 6 + 9 + 11 + 12 + 15) => 60
(0 + 3 + 4 + 6 + 9 + 11 + 13 + 14) => 60
(0 + 3 + 4 + 6 + 9 + 11 + 13 + 15) => 61
(0 + 3 + 4 + 7 + 8 + 10 + 12 + 14) => 58
(0 + 3 + 4 + 7 + 8 + 10 + 12 + 15) => 59
(0 + 3 + 4 + 7 + 8 + 10 + 13 + 14) => 59
(0 + 3 + 4 + 7 + 8 + 10 + 13 + 15) => 60
(0 + 3 + 4 + 7 + 8 + 11 + 12 + 14) => 59
(0 + 3 + 4 + 7 + 8 + 11 + 12 + 15) => 60
(0 + 3 + 4 + 7 + 8 + 11 + 13 + 14) => 60
(0 + 3 + 4 + 7 + 8 + 11 + 13 + 15) => 61
(0 + 3 + 4 + 7 + 9 + 10 + 12 + 14) => 59
(0 + 3 + 4 + 7 + 9 + 10 + 12 + 15) => 60
(0 + 3 + 4 + 7 + 9 + 10 + 13 + 14) => 60
(0 + 3 + 4 + 7 + 9 + 10 + 13 + 15) => 61
(0 + 3 + 4 + 7 + 9 + 11 + 12 + 14) => 60
(0 + 3 + 4 + 7 + 9 + 11 + 12 + 15) => 61
(0 + 3 + 4 + 7 + 9 + 11 + 13 + 14) => 61
(0 + 3 + 4 + 7 + 9 + 11 + 13 + 15) => 62
(0 + 3 + 5 + 6 + 8 + 10 + 12 + 14) => 58
(0 + 3 + 5 + 6 + 8 + 10 + 12 + 15) => 59
(0 + 3 + 5 + 6 + 8 + 10 + 13 + 14) => 59
(0 + 3 + 5 + 6 + 8 + 10 + 13 + 15) => 60
(0 + 3 + 5 + 6 + 8 + 11 + 12 + 14) => 59
(0 + 3 + 5 + 6 + 8 + 11 + 12 + 15) => 60
(0 + 3 + 5 + 6 + 8 + 11 + 13 + 14) => 60
(0 + 3 + 5 + 6 + 8 + 11 + 13 + 15) => 61
(0 + 3 + 5 + 6 + 9 + 10 + 12 + 14) => 59
(0 + 3 + 5 + 6 + 9 + 10 + 12 + 15) => 60
(0 + 3 + 5 + 6 + 9 + 10 + 13 + 14) => 60
(0 + 3 + 5 + 6 + 9 + 10 + 13 + 15) => 61
(0 + 3 + 5 + 6 + 9 + 11 + 12 + 14) => 60
(0 + 3 + 5 + 6 + 9 + 11 + 12 + 15) => 61
(0 + 3 + 5 + 6 + 9 + 11 + 13 + 14) => 61
(0 + 3 + 5 + 6 + 9 + 11 + 13 + 15) => 62
(0 + 3 + 5 + 7 + 8 + 10 + 12 + 14) => 59
(0 + 3 + 5 + 7 + 8 + 10 + 12 + 15) => 60
(0 + 3 + 5 + 7 + 8 + 10 + 13 + 14) => 60
(0 + 3 + 5 + 7 + 8 + 10 + 13 + 15) => 61
(0 + 3 + 5 + 7 + 8 + 11 + 12 + 14) => 60
(0 + 3 + 5 + 7 + 8 + 11 + 12 + 15) => 61
(0 + 3 + 5 + 7 + 8 + 11 + 13 + 14) => 61
(0 + 3 + 5 + 7 + 8 + 11 + 13 + 15) => 62
(0 + 3 + 5 + 7 + 9 + 10 + 12 + 14) => 60
(0 + 3 + 5 + 7 + 9 + 10 + 12 + 15) => 61
(0 + 3 + 5 + 7 + 9 + 10 + 13 + 14) => 61
(0 + 3 + 5 + 7 + 9 + 10 + 13 + 15) => 62
(0 + 3 + 5 + 7 + 9 + 11 + 12 + 14) => 61
(0 + 3 + 5 + 7 + 9 + 11 + 12 + 15) => 62
(0 + 3 + 5 + 7 + 9 + 11 + 13 + 14) => 62
(0 + 3 + 5 + 7 + 9 + 11 + 13 + 15) => 63
(1 + 2 + 4 + 6 + 8 + 10 + 12 + 14) => 57
(1 + 2 + 4 + 6 + 8 + 10 + 12 + 15) => 58
(1 + 2 + 4 + 6 + 8 + 10 + 13 + 14) => 58
(1 + 2 + 4 + 6 + 8 + 10 + 13 + 15) => 59
(1 + 2 + 4 + 6 + 8 + 11 + 12 + 14) => 58
(1 + 2 + 4 + 6 + 8 + 11 + 12 + 15) => 59
(1 + 2 + 4 + 6 + 8 + 11 + 13 + 14) => 59
(1 + 2 + 4 + 6 + 8 + 11 + 13 + 15) => 60
(1 + 2 + 4 + 6 + 9 + 10 + 12 + 14) => 58
(1 + 2 + 4 + 6 + 9 + 10 + 12 + 15) => 59
(1 + 2 + 4 + 6 + 9 + 10 + 13 + 14) => 59
(1 + 2 + 4 + 6 + 9 + 10 + 13 + 15) => 60
(1 + 2 + 4 + 6 + 9 + 11 + 12 + 14) => 59
(1 + 2 + 4 + 6 + 9 + 11 + 12 + 15) => 60
(1 + 2 + 4 + 6 + 9 + 11 + 13 + 14) => 60
(1 + 2 + 4 + 6 + 9 + 11 + 13 + 15) => 61
(1 + 2 + 4 + 7 + 8 + 10 + 12 + 14) => 58
(1 + 2 + 4 + 7 + 8 + 10 + 12 + 15) => 59
(1 + 2 + 4 + 7 + 8 + 10 + 13 + 14) => 59
(1 + 2 + 4 + 7 + 8 + 10 + 13 + 15) => 60
(1 + 2 + 4 + 7 + 8 + 11 + 12 + 14) => 59
(1 + 2 + 4 + 7 + 8 + 11 + 12 + 15) => 60
(1 + 2 + 4 + 7 + 8 + 11 + 13 + 14) => 60
(1 + 2 + 4 + 7 + 8 + 11 + 13 + 15) => 61
(1 + 2 + 4 + 7 + 9 + 10 + 12 + 14) => 59
(1 + 2 + 4 + 7 + 9 + 10 + 12 + 15) => 60
(1 + 2 + 4 + 7 + 9 + 10 + 13 + 14) => 60
(1 + 2 + 4 + 7 + 9 + 10 + 13 + 15) => 61
(1 + 2 + 4 + 7 + 9 + 11 + 12 + 14) => 60
(1 + 2 + 4 + 7 + 9 + 11 + 12 + 15) => 61
(1 + 2 + 4 + 7 + 9 + 11 + 13 + 14) => 61
(1 + 2 + 4 + 7 + 9 + 11 + 13 + 15) => 62
(1 + 2 + 5 + 6 + 8 + 10 + 12 + 14) => 58
(1 + 2 + 5 + 6 + 8 + 10 + 12 + 15) => 59
(1 + 2 + 5 + 6 + 8 + 10 + 13 + 14) => 59
(1 + 2 + 5 + 6 + 8 + 10 + 13 + 15) => 60
(1 + 2 + 5 + 6 + 8 + 11 + 12 + 14) => 59
(1 + 2 + 5 + 6 + 8 + 11 + 12 + 15) => 60
(1 + 2 + 5 + 6 + 8 + 11 + 13 + 14) => 60
(1 + 2 + 5 + 6 + 8 + 11 + 13 + 15) => 61
(1 + 2 + 5 + 6 + 9 + 10 + 12 + 14) => 59
(1 + 2 + 5 + 6 + 9 + 10 + 12 + 15) => 60
(1 + 2 + 5 + 6 + 9 + 10 + 13 + 14) => 60
(1 + 2 + 5 + 6 + 9 + 10 + 13 + 15) => 61
(1 + 2 + 5 + 6 + 9 + 11 + 12 + 14) => 60
(1 + 2 + 5 + 6 + 9 + 11 + 12 + 15) => 61
(1 + 2 + 5 + 6 + 9 + 11 + 13 + 14) => 61
(1 + 2 + 5 + 6 + 9 + 11 + 13 + 15) => 62
(1 + 2 + 5 + 7 + 8 + 10 + 12 + 14) => 59
(1 + 2 + 5 + 7 + 8 + 10 + 12 + 15) => 60
(1 + 2 + 5 + 7 + 8 + 10 + 13 + 14) => 60
(1 + 2 + 5 + 7 + 8 + 10 + 13 + 15) => 61
(1 + 2 + 5 + 7 + 8 + 11 + 12 + 14) => 60
(1 + 2 + 5 + 7 + 8 + 11 + 12 + 15) => 61
(1 + 2 + 5 + 7 + 8 + 11 + 13 + 14) => 61
(1 + 2 + 5 + 7 + 8 + 11 + 13 + 15) => 62
(1 + 2 + 5 + 7 + 9 + 10 + 12 + 14) => 60
(1 + 2 + 5 + 7 + 9 + 10 + 12 + 15) => 61
(1 + 2 + 5 + 7 + 9 + 10 + 13 + 14) => 61
(1 + 2 + 5 + 7 + 9 + 10 + 13 + 15) => 62
(1 + 2 + 5 + 7 + 9 + 11 + 12 + 14) => 61
(1 + 2 + 5 + 7 + 9 + 11 + 12 + 15) => 62
(1 + 2 + 5 + 7 + 9 + 11 + 13 + 14) => 62
(1 + 2 + 5 + 7 + 9 + 11 + 13 + 15) => 63
(1 + 3 + 4 + 6 + 8 + 10 + 12 + 14) => 58
(1 + 3 + 4 + 6 + 8 + 10 + 12 + 15) => 59
(1 + 3 + 4 + 6 + 8 + 10 + 13 + 14) => 59
(1 + 3 + 4 + 6 + 8 + 10 + 13 + 15) => 60
(1 + 3 + 4 + 6 + 8 + 11 + 12 + 14) => 59
(1 + 3 + 4 + 6 + 8 + 11 + 12 + 15) => 60
(1 + 3 + 4 + 6 + 8 + 11 + 13 + 14) => 60
(1 + 3 + 4 + 6 + 8 + 11 + 13 + 15) => 61
(1 + 3 + 4 + 6 + 9 + 10 + 12 + 14) => 59
(1 + 3 + 4 + 6 + 9 + 10 + 12 + 15) => 60
(1 + 3 + 4 + 6 + 9 + 10 + 13 + 14) => 60
(1 + 3 + 4 + 6 + 9 + 10 + 13 + 15) => 61
(1 + 3 + 4 + 6 + 9 + 11 + 12 + 14) => 60
(1 + 3 + 4 + 6 + 9 + 11 + 12 + 15) => 61
(1 + 3 + 4 + 6 + 9 + 11 + 13 + 14) => 61
(1 + 3 + 4 + 6 + 9 + 11 + 13 + 15) => 62
(1 + 3 + 4 + 7 + 8 + 10 + 12 + 14) => 59
(1 + 3 + 4 + 7 + 8 + 10 + 12 + 15) => 60
(1 + 3 + 4 + 7 + 8 + 10 + 13 + 14) => 60
(1 + 3 + 4 + 7 + 8 + 10 + 13 + 15) => 61
(1 + 3 + 4 + 7 + 8 + 11 + 12 + 14) => 60
(1 + 3 + 4 + 7 + 8 + 11 + 12 + 15) => 61
(1 + 3 + 4 + 7 + 8 + 11 + 13 + 14) => 61
(1 + 3 + 4 + 7 + 8 + 11 + 13 + 15) => 62
(1 + 3 + 4 + 7 + 9 + 10 + 12 + 14) => 60
(1 + 3 + 4 + 7 + 9 + 10 + 12 + 15) => 61
(1 + 3 + 4 + 7 + 9 + 10 + 13 + 14) => 61
(1 + 3 + 4 + 7 + 9 + 10 + 13 + 15) => 62
(1 + 3 + 4 + 7 + 9 + 11 + 12 + 14) => 61
(1 + 3 + 4 + 7 + 9 + 11 + 12 + 15) => 62
(1 + 3 + 4 + 7 + 9 + 11 + 13 + 14) => 62
(1 + 3 + 4 + 7 + 9 + 11 + 13 + 15) => 63
(1 + 3 + 5 + 6 + 8 + 10 + 12 + 14) => 59
(1 + 3 + 5 + 6 + 8 + 10 + 12 + 15) => 60
(1 + 3 + 5 + 6 + 8 + 10 + 13 + 14) => 60
(1 + 3 + 5 + 6 + 8 + 10 + 13 + 15) => 61
(1 + 3 + 5 + 6 + 8 + 11 + 12 + 14) => 60
(1 + 3 + 5 + 6 + 8 + 11 + 12 + 15) => 61
(1 + 3 + 5 + 6 + 8 + 11 + 13 + 14) => 61
(1 + 3 + 5 + 6 + 8 + 11 + 13 + 15) => 62
(1 + 3 + 5 + 6 + 9 + 10 + 12 + 14) => 60
(1 + 3 + 5 + 6 + 9 + 10 + 12 + 15) => 61
(1 + 3 + 5 + 6 + 9 + 10 + 13 + 14) => 61
(1 + 3 + 5 + 6 + 9 + 10 + 13 + 15) => 62
(1 + 3 + 5 + 6 + 9 + 11 + 12 + 14) => 61
(1 + 3 + 5 + 6 + 9 + 11 + 12 + 15) => 62
(1 + 3 + 5 + 6 + 9 + 11 + 13 + 14) => 62
(1 + 3 + 5 + 6 + 9 + 11 + 13 + 15) => 63
(1 + 3 + 5 + 7 + 8 + 10 + 12 + 14) => 60
(1 + 3 + 5 + 7 + 8 + 10 + 12 + 15) => 61
(1 + 3 + 5 + 7 + 8 + 10 + 13 + 14) => 61
(1 + 3 + 5 + 7 + 8 + 10 + 13 + 15) => 62
(1 + 3 + 5 + 7 + 8 + 11 + 12 + 14) => 61
(1 + 3 + 5 + 7 + 8 + 11 + 12 + 15) => 62
(1 + 3 + 5 + 7 + 8 + 11 + 13 + 14) => 62
(1 + 3 + 5 + 7 + 8 + 11 + 13 + 15) => 63
(1 + 3 + 5 + 7 + 9 + 10 + 12 + 14) => 61
(1 + 3 + 5 + 7 + 9 + 10 + 12 + 15) => 62
(1 + 3 + 5 + 7 + 9 + 10 + 13 + 14) => 62
(1 + 3 + 5 + 7 + 9 + 10 + 13 + 15) => 63
(1 + 3 + 5 + 7 + 9 + 11 + 12 + 14) => 62
(1 + 3 + 5 + 7 + 9 + 11 + 12 + 15) => 63
(1 + 3 + 5 + 7 + 9 + 11 + 13 + 14) => 63
(1 + 3 + 5 + 7 + 9 + 11 + 13 + 15) => 64
