{
  "aliases": [
    "test 1",
    "test 2"
  ],
  "custom_list": [
    "value 1",
    "value 2"
  ],
  "custom_list_2": [
    "x"
  ],
  "custom_number_prop": 42,
  "parent": [
    {
      "child1": [
        {
          "grandchild1": 1
        },
        {
          "grandchild2": 2
        }
      ]
    },
    {
      "child2": [
        {
          "grandchild3": 3
        },
        {
          "grandchild4": 4
        }
      ]
    }
  ],
  "tags": [
    "#value1",
    "#value2"
  ],
  "unknown_empty_property": null,
  "unknown_list": null,
  "unknown_number_property": 13,
  "unknown_property": [
    "hello",
    "world"
  ],
  "unknown_property_2": [
    1,
    2
  ]
}
