Results of custom groupers



group by function task.isRecurring ? "Recurring" : "Non-Recurring"
Use JavaScript's ternary operator to choose what to do for true (after the ?) and false (after the :) values.
=>
Non-Recurring
Recurring
====================================================================================

