Results of custom groupers



group by function task.isDone ? "Action Required" : "Nothing To Do"
Use JavaScript's ternary operator to choose what to do for true (after the ?) and false (after the :) values.
=>
Action Required
Nothing To Do
====================================================================================

